
> college-roadmap-v2@1.0.0 start
> node backend/server.js

node:events:505
    throw er; // Unhandled 'error' event
    ^

Error: listen EADDRINUSE: address already in use :::2026
    at Server.setupListenHandle [as _listen2] (node:net:2328:16)
    at listenInCluster (node:net:2437:12)
    at Server.listen (node:net:2562:7)
    at app.listen (/Users/chaseszebelledy/projects/college-roadmap-v2/node_modules/express/lib/application.js:635:24)
    at Object.<anonymous> (/Users/chaseszebelledy/projects/college-roadmap-v2/backend/server.js:506:5)
    at Module._compile (node:internal/modules/cjs/loader:1934:14)
    at Object..js (node:internal/modules/cjs/loader:2074:10)
    at Module.load (node:internal/modules/cjs/loader:1656:32)
    at Module._load (node:internal/modules/cjs/loader:1448:12)
    at wrapModuleLoad (node:internal/modules/cjs/loader:261:19)
Emitted 'error' event on Server instance at:
    at emitErrorNT (node:net:2416:8)
    at process.processTicksAndRejections (node:internal/process/task_queues:90:21) {
  code: 'EADDRINUSE',
  errno: -48,
  syscall: 'listen',
  address: '::',
  port: 2026
}

Node.js v26.8.1
